
*** Running vivado
    with args -log TOP_FT245_Test.vds -m64 -product Vivado -mode batch -messageDb vivado.pb -notrace -source TOP_FT245_Test.tcl


****** Vivado v2019.1 (64-bit)
  **** SW Build 2552052 on Fri May 24 14:49:42 MDT 2019
  **** IP Build 2548770 on Fri May 24 18:01:18 MDT 2019
    ** Copyright 1986-2019 Xilinx, Inc. All Rights Reserved.

source TOP_FT245_Test.tcl -notrace
Command: synth_design -top TOP_FT245_Test -part xc7a35tcpg236-1
Starting synth_design
Attempting to get a license for feature 'Synthesis' and/or device 'xc7a35t'
INFO: [Common 17-349] Got license for feature 'Synthesis' and/or device 'xc7a35t'
INFO: [Device 21-403] Loading part xc7a35tcpg236-1
INFO: Launching helper process for spawning children vivado processes
INFO: Helper process launched with PID 15728 
---------------------------------------------------------------------------------
Starting RTL Elaboration : Time (s): cpu = 00:00:01 ; elapsed = 00:00:02 . Memory (MB): peak = 672.398 ; gain = 177.387
---------------------------------------------------------------------------------
INFO: [Synth 8-638] synthesizing module 'TOP_FT245_Test' [C:/Users/jesus/Vivado_projects/VICON/TOP.vhd:24]
INFO: [Synth 8-638] synthesizing module 'FT245_IF' [C:/Users/jesus/Vivado_projects/VICON/FT245_IF.vhd:30]
	Parameter N bound to: 2 - type: integer 
INFO: [Synth 8-256] done synthesizing module 'FT245_IF' (1#1) [C:/Users/jesus/Vivado_projects/VICON/FT245_IF.vhd:30]
INFO: [Synth 8-256] done synthesizing module 'TOP_FT245_Test' (2#1) [C:/Users/jesus/Vivado_projects/VICON/TOP.vhd:24]
WARNING: [Synth 8-3917] design TOP_FT245_Test has port FT245_RDn driven by constant 1
WARNING: [Synth 8-3917] design TOP_FT245_Test has port LED[1] driven by constant 1
WARNING: [Synth 8-3331] design TOP_FT245_Test has unconnected port LED[14]
WARNING: [Synth 8-3331] design TOP_FT245_Test has unconnected port LED[13]
WARNING: [Synth 8-3331] design TOP_FT245_Test has unconnected port LED[12]
WARNING: [Synth 8-3331] design TOP_FT245_Test has unconnected port LED[11]
WARNING: [Synth 8-3331] design TOP_FT245_Test has unconnected port LED[10]
WARNING: [Synth 8-3331] design TOP_FT245_Test has unconnected port LED[9]
WARNING: [Synth 8-3331] design TOP_FT245_Test has unconnected port LED[8]
WARNING: [Synth 8-3331] design TOP_FT245_Test has unconnected port LED[7]
WARNING: [Synth 8-3331] design TOP_FT245_Test has unconnected port LED[6]
WARNING: [Synth 8-3331] design TOP_FT245_Test has unconnected port LED[5]
WARNING: [Synth 8-3331] design TOP_FT245_Test has unconnected port LED[4]
---------------------------------------------------------------------------------
Finished RTL Elaboration : Time (s): cpu = 00:00:02 ; elapsed = 00:00:02 . Memory (MB): peak = 736.801 ; gain = 241.789
---------------------------------------------------------------------------------

Report Check Netlist: 
+------+------------------+-------+---------+-------+------------------+
|      |Item              |Errors |Warnings |Status |Description       |
+------+------------------+-------+---------+-------+------------------+
|1     |multi_driven_nets |      0|        0|Passed |Multi driven nets |
+------+------------------+-------+---------+-------+------------------+
---------------------------------------------------------------------------------
Start Handling Custom Attributes
---------------------------------------------------------------------------------
---------------------------------------------------------------------------------
Finished Handling Custom Attributes : Time (s): cpu = 00:00:02 ; elapsed = 00:00:03 . Memory (MB): peak = 736.801 ; gain = 241.789
---------------------------------------------------------------------------------
---------------------------------------------------------------------------------
Finished RTL Optimization Phase 1 : Time (s): cpu = 00:00:02 ; elapsed = 00:00:03 . Memory (MB): peak = 736.801 ; gain = 241.789
---------------------------------------------------------------------------------
INFO: [Project 1-570] Preparing netlist for logic optimization

Processing XDC Constraints
Initializing timing engine
Parsing XDC File [C:/Users/jesus/Vivado_projects/VICON/Basys3_GPIO.xdc]
Finished Parsing XDC File [C:/Users/jesus/Vivado_projects/VICON/Basys3_GPIO.xdc]
INFO: [Project 1-236] Implementation specific constraints were found while reading constraint file [C:/Users/jesus/Vivado_projects/VICON/Basys3_GPIO.xdc]. These constraints will be ignored for synthesis but will be used in implementation. Impacted constraints are listed in the file [.Xil/TOP_FT245_Test_propImpl.xdc].
Resolution: To avoid this warning, move constraints listed in [.Xil/TOP_FT245_Test_propImpl.xdc] to another XDC file and exclude this new file from synthesis with the used_in_synthesis property (File Properties dialog in GUI) and re-run elaboration/synthesis.
Completed Processing XDC Constraints

Netlist sorting complete. Time (s): cpu = 00:00:00 ; elapsed = 00:00:00 . Memory (MB): peak = 842.652 ; gain = 0.000
INFO: [Project 1-111] Unisim Transformation Summary:
No Unisim elements were transformed.

Constraint Validation Runtime : Time (s): cpu = 00:00:00 ; elapsed = 00:00:00.001 . Memory (MB): peak = 842.652 ; gain = 0.000
---------------------------------------------------------------------------------
Finished Constraint Validation : Time (s): cpu = 00:00:05 ; elapsed = 00:00:05 . Memory (MB): peak = 842.652 ; gain = 347.641
---------------------------------------------------------------------------------
---------------------------------------------------------------------------------
Start Loading Part and Timing Information
---------------------------------------------------------------------------------
Loading part: xc7a35tcpg236-1
---------------------------------------------------------------------------------
Finished Loading Part and Timing Information : Time (s): cpu = 00:00:05 ; elapsed = 00:00:05 . Memory (MB): peak = 842.652 ; gain = 347.641
---------------------------------------------------------------------------------
---------------------------------------------------------------------------------
Start Applying 'set_property' XDC Constraints
---------------------------------------------------------------------------------
---------------------------------------------------------------------------------
Finished applying 'set_property' XDC Constraints : Time (s): cpu = 00:00:05 ; elapsed = 00:00:05 . Memory (MB): peak = 842.652 ; gain = 347.641
---------------------------------------------------------------------------------
INFO: [Synth 8-802] inferred FSM for state register 'state_reg_reg' in module 'FT245_IF'
---------------------------------------------------------------------------------------------------
                   State |                     New Encoding |                Previous Encoding 
---------------------------------------------------------------------------------------------------
                    idle |                              000 |                              000
            wait_for_txe |                              001 |                              001
             output_data |                              010 |                              010
                 write_1 |                              011 |                              011
                 write_2 |                              100 |                              100
                 write_3 |                              101 |                              101
                 write_4 |                              110 |                              110
---------------------------------------------------------------------------------------------------
INFO: [Synth 8-3354] encoded FSM with state register 'state_reg_reg' using encoding 'sequential' in module 'FT245_IF'
---------------------------------------------------------------------------------
Finished RTL Optimization Phase 2 : Time (s): cpu = 00:00:05 ; elapsed = 00:00:06 . Memory (MB): peak = 842.652 ; gain = 347.641
---------------------------------------------------------------------------------

Report RTL Partitions: 
+-+--------------+------------+----------+
| |RTL Partition |Replication |Instances |
+-+--------------+------------+----------+
+-+--------------+------------+----------+
---------------------------------------------------------------------------------
Start RTL Component Statistics 
---------------------------------------------------------------------------------
Detailed RTL Component Info : 
+---Adders : 
	   2 Input      8 Bit       Adders := 1     
+---Registers : 
	                8 Bit    Registers := 2     
	                2 Bit    Registers := 1     
	                1 Bit    Registers := 3     
+---Muxes : 
	   7 Input      3 Bit        Muxes := 1     
	   2 Input      3 Bit        Muxes := 1     
	   7 Input      1 Bit        Muxes := 6     
---------------------------------------------------------------------------------
Finished RTL Component Statistics 
---------------------------------------------------------------------------------
---------------------------------------------------------------------------------
Start RTL Hierarchical Component Statistics 
---------------------------------------------------------------------------------
Hierarchical RTL Component report 
Module TOP_FT245_Test 
Detailed RTL Component Info : 
+---Adders : 
	   2 Input      8 Bit       Adders := 1     
+---Registers : 
	                8 Bit    Registers := 1     
	                1 Bit    Registers := 1     
Module FT245_IF 
Detailed RTL Component Info : 
+---Registers : 
	                8 Bit    Registers := 1     
	                2 Bit    Registers := 1     
	                1 Bit    Registers := 2     
+---Muxes : 
	   7 Input      3 Bit        Muxes := 1     
	   2 Input      3 Bit        Muxes := 1     
	   7 Input      1 Bit        Muxes := 6     
---------------------------------------------------------------------------------
Finished RTL Hierarchical Component Statistics
---------------------------------------------------------------------------------
---------------------------------------------------------------------------------
Start Part Resource Summary
---------------------------------------------------------------------------------
Part Resources:
DSPs: 90 (col length:60)
BRAMs: 100 (col length: RAMB18 60 RAMB36 30)
---------------------------------------------------------------------------------
Finished Part Resource Summary
---------------------------------------------------------------------------------
---------------------------------------------------------------------------------
Start Cross Boundary and Area Optimization
---------------------------------------------------------------------------------
Warning: Parallel synthesis criteria is not met 
WARNING: [Synth 8-3917] design TOP_FT245_Test has port FT245_RDn driven by constant 1
WARNING: [Synth 8-3917] design TOP_FT245_Test has port LED[1] driven by constant 1
WARNING: [Synth 8-3331] design TOP_FT245_Test has unconnected port LED[14]
WARNING: [Synth 8-3331] design TOP_FT245_Test has unconnected port LED[13]
WARNING: [Synth 8-3331] design TOP_FT245_Test has unconnected port LED[12]
WARNING: [Synth 8-3331] design TOP_FT245_Test has unconnected port LED[11]
WARNING: [Synth 8-3331] design TOP_FT245_Test has unconnected port LED[10]
WARNING: [Synth 8-3331] design TOP_FT245_Test has unconnected port LED[9]
WARNING: [Synth 8-3331] design TOP_FT245_Test has unconnected port LED[8]
WARNING: [Synth 8-3331] design TOP_FT245_Test has unconnected port LED[7]
WARNING: [Synth 8-3331] design TOP_FT245_Test has unconnected port LED[6]
WARNING: [Synth 8-3331] design TOP_FT245_Test has unconnected port LED[5]
WARNING: [Synth 8-3331] design TOP_FT245_Test has unconnected port LED[4]
---------------------------------------------------------------------------------
Finished Cross Boundary and Area Optimization : Time (s): cpu = 00:00:05 ; elapsed = 00:00:06 . Memory (MB): peak = 842.652 ; gain = 347.641
---------------------------------------------------------------------------------

Report RTL Partitions: 
+-+--------------+------------+----------+
| |RTL Partition |Replication |Instances |
+-+--------------+------------+----------+
+-+--------------+------------+----------+
---------------------------------------------------------------------------------
Start Applying XDC Timing Constraints
---------------------------------------------------------------------------------
---------------------------------------------------------------------------------
Finished Applying XDC Timing Constraints : Time (s): cpu = 00:00:09 ; elapsed = 00:00:10 . Memory (MB): peak = 842.652 ; gain = 347.641
---------------------------------------------------------------------------------
---------------------------------------------------------------------------------
Start Timing Optimization
---------------------------------------------------------------------------------
---------------------------------------------------------------------------------
Finished Timing Optimization : Time (s): cpu = 00:00:09 ; elapsed = 00:00:10 . Memory (MB): peak = 842.652 ; gain = 347.641
---------------------------------------------------------------------------------

Report RTL Partitions: 
+-+--------------+------------+----------+
| |RTL Partition |Replication |Instances |
+-+--------------+------------+----------+
+-+--------------+------------+----------+
---------------------------------------------------------------------------------
Start Technology Mapping
---------------------------------------------------------------------------------
---------------------------------------------------------------------------------
Finished Technology Mapping : Time (s): cpu = 00:00:09 ; elapsed = 00:00:10 . Memory (MB): peak = 842.652 ; gain = 347.641
---------------------------------------------------------------------------------

Report RTL Partitions: 
+-+--------------+------------+----------+
| |RTL Partition |Replication |Instances |
+-+--------------+------------+----------+
+-+--------------+------------+----------+
---------------------------------------------------------------------------------
Start IO Insertion
---------------------------------------------------------------------------------
---------------------------------------------------------------------------------
Start Flattening Before IO Insertion
---------------------------------------------------------------------------------
---------------------------------------------------------------------------------
Finished Flattening Before IO Insertion
---------------------------------------------------------------------------------
---------------------------------------------------------------------------------
Start Final Netlist Cleanup
---------------------------------------------------------------------------------
---------------------------------------------------------------------------------
Finished Final Netlist Cleanup
---------------------------------------------------------------------------------
---------------------------------------------------------------------------------
Finished IO Insertion : Time (s): cpu = 00:00:10 ; elapsed = 00:00:11 . Memory (MB): peak = 856.898 ; gain = 361.887
---------------------------------------------------------------------------------

Report Check Netlist: 
+------+------------------+-------+---------+-------+------------------+
|      |Item              |Errors |Warnings |Status |Description       |
+------+------------------+-------+---------+-------+------------------+
|1     |multi_driven_nets |      0|        0|Passed |Multi driven nets |
+------+------------------+-------+---------+-------+------------------+
---------------------------------------------------------------------------------
Start Renaming Generated Instances
---------------------------------------------------------------------------------
---------------------------------------------------------------------------------
Finished Renaming Generated Instances : Time (s): cpu = 00:00:10 ; elapsed = 00:00:11 . Memory (MB): peak = 856.898 ; gain = 361.887
---------------------------------------------------------------------------------

Report RTL Partitions: 
+-+--------------+------------+----------+
| |RTL Partition |Replication |Instances |
+-+--------------+------------+----------+
+-+--------------+------------+----------+
---------------------------------------------------------------------------------
Start Rebuilding User Hierarchy
---------------------------------------------------------------------------------
---------------------------------------------------------------------------------
Finished Rebuilding User Hierarchy : Time (s): cpu = 00:00:10 ; elapsed = 00:00:11 . Memory (MB): peak = 856.898 ; gain = 361.887
---------------------------------------------------------------------------------
---------------------------------------------------------------------------------
Start Renaming Generated Ports
---------------------------------------------------------------------------------
---------------------------------------------------------------------------------
Finished Renaming Generated Ports : Time (s): cpu = 00:00:10 ; elapsed = 00:00:11 . Memory (MB): peak = 856.898 ; gain = 361.887
---------------------------------------------------------------------------------
---------------------------------------------------------------------------------
Start Handling Custom Attributes
---------------------------------------------------------------------------------
---------------------------------------------------------------------------------
Finished Handling Custom Attributes : Time (s): cpu = 00:00:10 ; elapsed = 00:00:11 . Memory (MB): peak = 856.898 ; gain = 361.887
---------------------------------------------------------------------------------
---------------------------------------------------------------------------------
Start Renaming Generated Nets
---------------------------------------------------------------------------------
---------------------------------------------------------------------------------
Finished Renaming Generated Nets : Time (s): cpu = 00:00:10 ; elapsed = 00:00:11 . Memory (MB): peak = 856.898 ; gain = 361.887
---------------------------------------------------------------------------------
---------------------------------------------------------------------------------
Start Writing Synthesis Report
---------------------------------------------------------------------------------

Report BlackBoxes: 
+-+--------------+----------+
| |BlackBox name |Instances |
+-+--------------+----------+
+-+--------------+----------+

Report Cell Usage: 
+------+------+------+
|      |Cell  |Count |
+------+------+------+
|1     |BUFG  |     1|
|2     |LUT1  |     1|
|3     |LUT2  |     3|
|4     |LUT3  |     3|
|5     |LUT4  |     5|
|6     |LUT5  |     1|
|7     |LUT6  |     2|
|8     |FDCE  |    19|
|9     |FDPE  |     4|
|10    |IBUF  |     3|
|11    |OBUF  |    15|
|12    |OBUFT |    11|
+------+------+------+

Report Instance Areas: 
+------+-------------+---------+------+
|      |Instance     |Module   |Cells |
+------+-------------+---------+------+
|1     |top          |         |    68|
|2     |  FT245_inst |FT245_IF |    20|
+------+-------------+---------+------+
---------------------------------------------------------------------------------
Finished Writing Synthesis Report : Time (s): cpu = 00:00:10 ; elapsed = 00:00:11 . Memory (MB): peak = 856.898 ; gain = 361.887
---------------------------------------------------------------------------------
Synthesis finished with 0 errors, 0 critical warnings and 13 warnings.
Synthesis Optimization Runtime : Time (s): cpu = 00:00:07 ; elapsed = 00:00:10 . Memory (MB): peak = 856.898 ; gain = 256.035
Synthesis Optimization Complete : Time (s): cpu = 00:00:10 ; elapsed = 00:00:11 . Memory (MB): peak = 856.898 ; gain = 361.887
INFO: [Project 1-571] Translating synthesized netlist
INFO: [Project 1-570] Preparing netlist for logic optimization
INFO: [Opt 31-138] Pushed 0 inverter(s) to 0 load pin(s).
Netlist sorting complete. Time (s): cpu = 00:00:00 ; elapsed = 00:00:00 . Memory (MB): peak = 871.992 ; gain = 0.000
INFO: [Project 1-111] Unisim Transformation Summary:
No Unisim elements were transformed.

INFO: [Common 17-83] Releasing license: Synthesis
16 Infos, 26 Warnings, 0 Critical Warnings and 0 Errors encountered.
synth_design completed successfully
synth_design: Time (s): cpu = 00:00:13 ; elapsed = 00:00:15 . Memory (MB): peak = 871.992 ; gain = 580.789
Netlist sorting complete. Time (s): cpu = 00:00:00 ; elapsed = 00:00:00 . Memory (MB): peak = 871.992 ; gain = 0.000
WARNING: [Constraints 18-5210] No constraints selected for write.
Resolution: This message can indicate that there are no constraints for the design, or it can indicate that the used_in flags are set such that the constraints are ignored. This later case is used when running synth_design to not write synthesis constraints to the resulting checkpoint. Instead, project constraints are read when the synthesized design is opened.
INFO: [Common 17-1381] The checkpoint 'C:/Users/jesus/Vivado_projects/VICON/project_1/project_1.runs/synth_2/TOP_FT245_Test.dcp' has been generated.
INFO: [runtcl-4] Executing : report_utilization -file TOP_FT245_Test_utilization_synth.rpt -pb TOP_FT245_Test_utilization_synth.pb
INFO: [Common 17-206] Exiting Vivado at Tue Jul 21 22:03:12 2026...
