
*** Running vivado
    with args -log TOP_FT245_Test.vdi -applog -m64 -product Vivado -messageDb vivado.pb -mode batch -source TOP_FT245_Test.tcl -notrace


****** Vivado v2019.1 (64-bit)
  **** SW Build 2552052 on Fri May 24 14:49:42 MDT 2019
  **** IP Build 2548770 on Fri May 24 18:01:18 MDT 2019
    ** Copyright 1986-2019 Xilinx, Inc. All Rights Reserved.

source TOP_FT245_Test.tcl -notrace
Command: link_design -top TOP_FT245_Test -part xc7a35tcpg236-1
Design is defaulting to srcset: sources_1
Design is defaulting to constrset: constrs_1
INFO: [Device 21-403] Loading part xc7a35tcpg236-1
INFO: [Project 1-479] Netlist was created with Vivado 2019.1
INFO: [Project 1-570] Preparing netlist for logic optimization
Parsing XDC File [C:/Users/jesus/Vivado_projects/VICON/Basys3_GPIO.xdc]
Finished Parsing XDC File [C:/Users/jesus/Vivado_projects/VICON/Basys3_GPIO.xdc]
INFO: [Opt 31-138] Pushed 0 inverter(s) to 0 load pin(s).
Netlist sorting complete. Time (s): cpu = 00:00:00 ; elapsed = 00:00:00 . Memory (MB): peak = 621.977 ; gain = 0.000
INFO: [Project 1-111] Unisim Transformation Summary:
No Unisim elements were transformed.

5 Infos, 0 Warnings, 0 Critical Warnings and 0 Errors encountered.
link_design completed successfully
Command: opt_design
Attempting to get a license for feature 'Implementation' and/or device 'xc7a35t'
INFO: [Common 17-349] Got license for feature 'Implementation' and/or device 'xc7a35t'
Running DRC as a precondition to command opt_design

Starting DRC Task
INFO: [DRC 23-27] Running DRC with 2 threads
INFO: [Project 1-461] DRC finished with 0 Errors
INFO: [Project 1-462] Please refer to the DRC report (report_drc) for more information.

Time (s): cpu = 00:00:00 ; elapsed = 00:00:00.302 . Memory (MB): peak = 643.043 ; gain = 16.996

Starting Cache Timing Information Task
INFO: [Timing 38-35] Done setting XDC timing constraints.
Ending Cache Timing Information Task | Checksum: 25673a43c

Time (s): cpu = 00:00:05 ; elapsed = 00:00:05 . Memory (MB): peak = 1177.137 ; gain = 534.094

Starting Logic Optimization Task

Phase 1 Retarget
INFO: [Opt 31-138] Pushed 0 inverter(s) to 0 load pin(s).
INFO: [Opt 31-49] Retargeted 0 cell(s).
Phase 1 Retarget | Checksum: 25673a43c

Time (s): cpu = 00:00:00 ; elapsed = 00:00:00.004 . Memory (MB): peak = 1320.527 ; gain = 0.000
INFO: [Opt 31-389] Phase Retarget created 0 cells and removed 0 cells

Phase 2 Constant propagation
INFO: [Opt 31-138] Pushed 0 inverter(s) to 0 load pin(s).
Phase 2 Constant propagation | Checksum: 25673a43c

Time (s): cpu = 00:00:00 ; elapsed = 00:00:00.005 . Memory (MB): peak = 1320.527 ; gain = 0.000
INFO: [Opt 31-389] Phase Constant propagation created 0 cells and removed 0 cells

Phase 3 Sweep
Phase 3 Sweep | Checksum: 23587f33a

Time (s): cpu = 00:00:00 ; elapsed = 00:00:00.007 . Memory (MB): peak = 1320.527 ; gain = 0.000
INFO: [Opt 31-389] Phase Sweep created 1 cells and removed 0 cells

Phase 4 BUFG optimization
Phase 4 BUFG optimization | Checksum: 23587f33a

Time (s): cpu = 00:00:00 ; elapsed = 00:00:00.008 . Memory (MB): peak = 1320.527 ; gain = 0.000
INFO: [Opt 31-662] Phase BUFG optimization created 0 cells of which 0 are BUFGs and removed 0 cells.

Phase 5 Shift Register Optimization
INFO: [Opt 31-1064] SRL Remap converted 0 SRLs to 0 registers and converted 0 registers of register chains to 0 SRLs
Phase 5 Shift Register Optimization | Checksum: 23587f33a

Time (s): cpu = 00:00:00 ; elapsed = 00:00:00.009 . Memory (MB): peak = 1320.527 ; gain = 0.000
INFO: [Opt 31-389] Phase Shift Register Optimization created 0 cells and removed 0 cells

Phase 6 Post Processing Netlist
Phase 6 Post Processing Netlist | Checksum: 1ba193028

Time (s): cpu = 00:00:00 ; elapsed = 00:00:00.010 . Memory (MB): peak = 1320.527 ; gain = 0.000
INFO: [Opt 31-389] Phase Post Processing Netlist created 0 cells and removed 0 cells
Opt_design Change Summary
=========================


-------------------------------------------------------------------------------------------------------------------------
|  Phase                        |  #Cells created  |  #Cells Removed  |  #Constrained objects preventing optimizations  |
-------------------------------------------------------------------------------------------------------------------------
|  Retarget                     |               0  |               0  |                                              0  |
|  Constant propagation         |               0  |               0  |                                              0  |
|  Sweep                        |               1  |               0  |                                              0  |
|  BUFG optimization            |               0  |               0  |                                              0  |
|  Shift Register Optimization  |               0  |               0  |                                              0  |
|  Post Processing Netlist      |               0  |               0  |                                              0  |
-------------------------------------------------------------------------------------------------------------------------



Starting Connectivity Check Task

Time (s): cpu = 00:00:00 ; elapsed = 00:00:00 . Memory (MB): peak = 1320.527 ; gain = 0.000
Ending Logic Optimization Task | Checksum: f48ca806

Time (s): cpu = 00:00:00 ; elapsed = 00:00:00.012 . Memory (MB): peak = 1320.527 ; gain = 0.000

Starting Power Optimization Task
INFO: [Pwropt 34-132] Skipping clock gating for clocks with a period < 2.00 ns.
Ending Power Optimization Task | Checksum: f48ca806

Time (s): cpu = 00:00:00 ; elapsed = 00:00:00.004 . Memory (MB): peak = 1320.527 ; gain = 0.000

Starting Final Cleanup Task
Ending Final Cleanup Task | Checksum: f48ca806

Time (s): cpu = 00:00:00 ; elapsed = 00:00:00 . Memory (MB): peak = 1320.527 ; gain = 0.000

Starting Netlist Obfuscation Task
Netlist sorting complete. Time (s): cpu = 00:00:00 ; elapsed = 00:00:00 . Memory (MB): peak = 1320.527 ; gain = 0.000
Ending Netlist Obfuscation Task | Checksum: f48ca806

Time (s): cpu = 00:00:00 ; elapsed = 00:00:00 . Memory (MB): peak = 1320.527 ; gain = 0.000
INFO: [Common 17-83] Releasing license: Implementation
22 Infos, 0 Warnings, 0 Critical Warnings and 0 Errors encountered.
opt_design completed successfully
opt_design: Time (s): cpu = 00:00:06 ; elapsed = 00:00:06 . Memory (MB): peak = 1320.527 ; gain = 694.480
Netlist sorting complete. Time (s): cpu = 00:00:00 ; elapsed = 00:00:00 . Memory (MB): peak = 1320.527 ; gain = 0.000
INFO: [Timing 38-480] Writing timing data to binary archive.
Writing placer database...
Writing XDEF routing.
Writing XDEF routing logical nets.
Writing XDEF routing special nets.
Write XDEF Complete: Time (s): cpu = 00:00:00 ; elapsed = 00:00:00.015 . Memory (MB): peak = 1320.527 ; gain = 0.000
INFO: [Common 17-1381] The checkpoint 'C:/Users/jesus/Vivado_projects/VICON/project_1/project_1.runs/impl_2/TOP_FT245_Test_opt.dcp' has been generated.
INFO: [runtcl-4] Executing : report_drc -file TOP_FT245_Test_drc_opted.rpt -pb TOP_FT245_Test_drc_opted.pb -rpx TOP_FT245_Test_drc_opted.rpx
Command: report_drc -file TOP_FT245_Test_drc_opted.rpt -pb TOP_FT245_Test_drc_opted.pb -rpx TOP_FT245_Test_drc_opted.rpx
INFO: [IP_Flow 19-234] Refreshing IP repositories
INFO: [IP_Flow 19-1704] No user IP repositories specified
INFO: [IP_Flow 19-2313] Loaded Vivado IP repository 'C:/Xilinx/Vivado/2019.1/data/ip'.
INFO: [DRC 23-27] Running DRC with 2 threads
INFO: [Coretcl 2-168] The results of DRC are in file C:/Users/jesus/Vivado_projects/VICON/project_1/project_1.runs/impl_2/TOP_FT245_Test_drc_opted.rpt.
report_drc completed successfully
Command: place_design
Attempting to get a license for feature 'Implementation' and/or device 'xc7a35t'
INFO: [Common 17-349] Got license for feature 'Implementation' and/or device 'xc7a35t'
INFO: [DRC 23-27] Running DRC with 2 threads
INFO: [Vivado_Tcl 4-198] DRC finished with 0 Errors
INFO: [Vivado_Tcl 4-199] Please refer to the DRC report (report_drc) for more information.
Running DRC as a precondition to command place_design
INFO: [DRC 23-27] Running DRC with 2 threads
INFO: [Vivado_Tcl 4-198] DRC finished with 0 Errors
INFO: [Vivado_Tcl 4-199] Please refer to the DRC report (report_drc) for more information.

Starting Placer Task
INFO: [Place 30-611] Multithreading enabled for place_design using a maximum of 2 CPUs

Phase 1 Placer Initialization

Phase 1.1 Placer Initialization Netlist Sorting
Netlist sorting complete. Time (s): cpu = 00:00:00 ; elapsed = 00:00:00 . Memory (MB): peak = 1320.527 ; gain = 0.000
Phase 1.1 Placer Initialization Netlist Sorting | Checksum: a929ad19

Time (s): cpu = 00:00:00 ; elapsed = 00:00:00.004 . Memory (MB): peak = 1320.527 ; gain = 0.000
Netlist sorting complete. Time (s): cpu = 00:00:00 ; elapsed = 00:00:00 . Memory (MB): peak = 1320.527 ; gain = 0.000

Phase 1.2 IO Placement/ Clock Placement/ Build Placer Device
INFO: [Timing 38-35] Done setting XDC timing constraints.
Phase 1.2 IO Placement/ Clock Placement/ Build Placer Device | Checksum: 17ac9409d

Time (s): cpu = 00:00:00 ; elapsed = 00:00:00.333 . Memory (MB): peak = 1320.527 ; gain = 0.000

Phase 1.3 Build Placer Netlist Model
Phase 1.3 Build Placer Netlist Model | Checksum: 1e79f9cc1

Time (s): cpu = 00:00:00 ; elapsed = 00:00:00.375 . Memory (MB): peak = 1320.527 ; gain = 0.000

Phase 1.4 Constrain Clocks/Macros
Phase 1.4 Constrain Clocks/Macros | Checksum: 1e79f9cc1

Time (s): cpu = 00:00:00 ; elapsed = 00:00:00.376 . Memory (MB): peak = 1320.527 ; gain = 0.000
Phase 1 Placer Initialization | Checksum: 1e79f9cc1

Time (s): cpu = 00:00:00 ; elapsed = 00:00:00.376 . Memory (MB): peak = 1320.527 ; gain = 0.000

Phase 2 Global Placement

Phase 2.1 Floorplanning
Phase 2.1 Floorplanning | Checksum: 2667e7f42

Time (s): cpu = 00:00:00 ; elapsed = 00:00:00.428 . Memory (MB): peak = 1320.527 ; gain = 0.000

Phase 2.2 Global Placement Core

Phase 2.2.1 Physical Synthesis In Placer
INFO: [Physopt 32-65] No nets found for high-fanout optimization.
INFO: [Physopt 32-232] Optimized 0 net. Created 0 new instance.
INFO: [Physopt 32-775] End 1 Pass. Optimized 0 net or cell. Created 0 new cell, deleted 0 existing cell and moved 0 existing cell
INFO: [Physopt 32-670] No setup violation found.  DSP Register Optimization was not performed.
INFO: [Physopt 32-670] No setup violation found.  Shift Register Optimization was not performed.
INFO: [Physopt 32-670] No setup violation found.  BRAM Register Optimization was not performed.
INFO: [Physopt 32-949] No candidate nets found for HD net replication
INFO: [Physopt 32-775] End 1 Pass. Optimized 0 net or cell. Created 0 new cell, deleted 0 existing cell and moved 0 existing cell
Netlist sorting complete. Time (s): cpu = 00:00:00 ; elapsed = 00:00:00 . Memory (MB): peak = 1320.527 ; gain = 0.000

Summary of Physical Synthesis Optimizations
============================================


----------------------------------------------------------------------------------------------------------------------------------------
|  Optimization                  |  Added Cells  |  Removed Cells  |  Optimized Cells/Nets  |  Dont Touch  |  Iterations  |  Elapsed   |
----------------------------------------------------------------------------------------------------------------------------------------
|  Very High Fanout              |            0  |              0  |                     0  |           0  |           1  |  00:00:00  |
|  DSP Register                  |            0  |              0  |                     0  |           0  |           0  |  00:00:00  |
|  Shift Register                |            0  |              0  |                     0  |           0  |           0  |  00:00:00  |
|  BRAM Register                 |            0  |              0  |                     0  |           0  |           0  |  00:00:00  |
|  HD Interface Net Replication  |            0  |              0  |                     0  |           0  |           1  |  00:00:00  |
|  Total                         |            0  |              0  |                     0  |           0  |           2  |  00:00:00  |
----------------------------------------------------------------------------------------------------------------------------------------


Phase 2.2.1 Physical Synthesis In Placer | Checksum: 1cc592ff2

Time (s): cpu = 00:00:00 ; elapsed = 00:00:00.747 . Memory (MB): peak = 1320.527 ; gain = 0.000
Phase 2.2 Global Placement Core | Checksum: 23ba2f514

Time (s): cpu = 00:00:00 ; elapsed = 00:00:00.761 . Memory (MB): peak = 1320.527 ; gain = 0.000
Phase 2 Global Placement | Checksum: 23ba2f514

Time (s): cpu = 00:00:00 ; elapsed = 00:00:00.762 . Memory (MB): peak = 1320.527 ; gain = 0.000

Phase 3 Detail Placement

Phase 3.1 Commit Multi Column Macros
Phase 3.1 Commit Multi Column Macros | Checksum: 22123d93f

Time (s): cpu = 00:00:00 ; elapsed = 00:00:00.789 . Memory (MB): peak = 1320.527 ; gain = 0.000

Phase 3.2 Commit Most Macros & LUTRAMs
Phase 3.2 Commit Most Macros & LUTRAMs | Checksum: 1c8f5502b

Time (s): cpu = 00:00:01 ; elapsed = 00:00:00.828 . Memory (MB): peak = 1320.527 ; gain = 0.000

Phase 3.3 Area Swap Optimization
Phase 3.3 Area Swap Optimization | Checksum: 1e5c55c10

Time (s): cpu = 00:00:01 ; elapsed = 00:00:00.830 . Memory (MB): peak = 1320.527 ; gain = 0.000

Phase 3.4 Pipeline Register Optimization
Phase 3.4 Pipeline Register Optimization | Checksum: 210127520

Time (s): cpu = 00:00:01 ; elapsed = 00:00:00.831 . Memory (MB): peak = 1320.527 ; gain = 0.000

Phase 3.5 Small Shape Detail Placement
Phase 3.5 Small Shape Detail Placement | Checksum: 1dbd5ff85

Time (s): cpu = 00:00:01 ; elapsed = 00:00:00.892 . Memory (MB): peak = 1320.527 ; gain = 0.000

Phase 3.6 Re-assign LUT pins
Phase 3.6 Re-assign LUT pins | Checksum: 1bf3adebb

Time (s): cpu = 00:00:01 ; elapsed = 00:00:00.894 . Memory (MB): peak = 1320.527 ; gain = 0.000

Phase 3.7 Pipeline Register Optimization
Phase 3.7 Pipeline Register Optimization | Checksum: 1bac5f70b

Time (s): cpu = 00:00:01 ; elapsed = 00:00:00.895 . Memory (MB): peak = 1320.527 ; gain = 0.000
Phase 3 Detail Placement | Checksum: 1bac5f70b

Time (s): cpu = 00:00:01 ; elapsed = 00:00:00.895 . Memory (MB): peak = 1320.527 ; gain = 0.000

Phase 4 Post Placement Optimization and Clean-Up

Phase 4.1 Post Commit Optimization
INFO: [Timing 38-35] Done setting XDC timing constraints.

Phase 4.1.1 Post Placement Optimization
Post Placement Optimization Initialization | Checksum: 20e399f07

Phase 4.1.1.1 BUFG Insertion
INFO: [Place 46-56] BUFG insertion identified 0 candidate nets. Inserted BUFG: 0, Replicated BUFG Driver: 0, Skipped due to Placement/Routing Conflicts: 0, Skipped due to Timing Degradation: 0, Skipped due to Illegal Netlist: 0.
Phase 4.1.1.1 BUFG Insertion | Checksum: 20e399f07

Time (s): cpu = 00:00:01 ; elapsed = 00:00:00.913 . Memory (MB): peak = 1333.410 ; gain = 12.883
INFO: [Place 30-746] Post Placement Timing Summary WNS=7.377. For the most accurate timing information please run report_timing.
Phase 4.1.1 Post Placement Optimization | Checksum: 2234ec183

Time (s): cpu = 00:00:01 ; elapsed = 00:00:00.914 . Memory (MB): peak = 1333.410 ; gain = 12.883
Phase 4.1 Post Commit Optimization | Checksum: 2234ec183

Time (s): cpu = 00:00:01 ; elapsed = 00:00:00.914 . Memory (MB): peak = 1333.410 ; gain = 12.883

Phase 4.2 Post Placement Cleanup
Phase 4.2 Post Placement Cleanup | Checksum: 2234ec183

Time (s): cpu = 00:00:01 ; elapsed = 00:00:00.915 . Memory (MB): peak = 1333.410 ; gain = 12.883

Phase 4.3 Placer Reporting
Phase 4.3 Placer Reporting | Checksum: 2234ec183

Time (s): cpu = 00:00:01 ; elapsed = 00:00:00.916 . Memory (MB): peak = 1333.410 ; gain = 12.883

Phase 4.4 Final Placement Cleanup
Netlist sorting complete. Time (s): cpu = 00:00:00 ; elapsed = 00:00:00 . Memory (MB): peak = 1333.410 ; gain = 0.000
Phase 4.4 Final Placement Cleanup | Checksum: 1fb9cc10e

Time (s): cpu = 00:00:01 ; elapsed = 00:00:00.917 . Memory (MB): peak = 1333.410 ; gain = 12.883
Phase 4 Post Placement Optimization and Clean-Up | Checksum: 1fb9cc10e

Time (s): cpu = 00:00:01 ; elapsed = 00:00:00.917 . Memory (MB): peak = 1333.410 ; gain = 12.883
Ending Placer Task | Checksum: 151394d58

Time (s): cpu = 00:00:01 ; elapsed = 00:00:00.918 . Memory (MB): peak = 1333.410 ; gain = 12.883
INFO: [Common 17-83] Releasing license: Implementation
51 Infos, 0 Warnings, 0 Critical Warnings and 0 Errors encountered.
place_design completed successfully
Netlist sorting complete. Time (s): cpu = 00:00:00 ; elapsed = 00:00:00 . Memory (MB): peak = 1333.410 ; gain = 0.000
INFO: [Timing 38-480] Writing timing data to binary archive.
Writing placer database...
Writing XDEF routing.
Writing XDEF routing logical nets.
Writing XDEF routing special nets.
Write XDEF Complete: Time (s): cpu = 00:00:00 ; elapsed = 00:00:00.018 . Memory (MB): peak = 1334.727 ; gain = 1.316
INFO: [Common 17-1381] The checkpoint 'C:/Users/jesus/Vivado_projects/VICON/project_1/project_1.runs/impl_2/TOP_FT245_Test_placed.dcp' has been generated.
INFO: [runtcl-4] Executing : report_io -file TOP_FT245_Test_io_placed.rpt
report_io: Time (s): cpu = 00:00:00 ; elapsed = 00:00:00.022 . Memory (MB): peak = 1334.727 ; gain = 0.000
INFO: [runtcl-4] Executing : report_utilization -file TOP_FT245_Test_utilization_placed.rpt -pb TOP_FT245_Test_utilization_placed.pb
INFO: [runtcl-4] Executing : report_control_sets -verbose -file TOP_FT245_Test_control_sets_placed.rpt
report_control_sets: Time (s): cpu = 00:00:00 ; elapsed = 00:00:00.001 . Memory (MB): peak = 1334.727 ; gain = 0.000
Command: route_design
Attempting to get a license for feature 'Implementation' and/or device 'xc7a35t'
INFO: [Common 17-349] Got license for feature 'Implementation' and/or device 'xc7a35t'
Running DRC as a precondition to command route_design
INFO: [DRC 23-27] Running DRC with 2 threads
INFO: [Vivado_Tcl 4-198] DRC finished with 0 Errors
INFO: [Vivado_Tcl 4-199] Please refer to the DRC report (report_drc) for more information.


Starting Routing Task
INFO: [Route 35-254] Multithreading enabled for route_design using a maximum of 2 CPUs
Checksum: PlaceDB: c0f5f666 ConstDB: 0 ShapeSum: 904356f2 RouteDB: 0

Phase 1 Build RT Design
Phase 1 Build RT Design | Checksum: 8dd832ff

Time (s): cpu = 00:00:16 ; elapsed = 00:00:16 . Memory (MB): peak = 1432.555 ; gain = 87.066
Post Restoration Checksum: NetGraph: 77216a77 NumContArr: 16b6c888 Constraints: 0 Timing: 0

Phase 2 Router Initialization

Phase 2.1 Create Timer
Phase 2.1 Create Timer | Checksum: 8dd832ff

Time (s): cpu = 00:00:16 ; elapsed = 00:00:16 . Memory (MB): peak = 1462.863 ; gain = 117.375

Phase 2.2 Fix Topology Constraints
Phase 2.2 Fix Topology Constraints | Checksum: 8dd832ff

Time (s): cpu = 00:00:16 ; elapsed = 00:00:16 . Memory (MB): peak = 1468.879 ; gain = 123.391

Phase 2.3 Pre Route Cleanup
Phase 2.3 Pre Route Cleanup | Checksum: 8dd832ff

Time (s): cpu = 00:00:16 ; elapsed = 00:00:16 . Memory (MB): peak = 1468.879 ; gain = 123.391
 Number of Nodes with overlaps = 0

Phase 2.4 Update Timing
Phase 2.4 Update Timing | Checksum: d19ab329

Time (s): cpu = 00:00:17 ; elapsed = 00:00:16 . Memory (MB): peak = 1473.234 ; gain = 127.746
INFO: [Route 35-416] Intermediate Timing Summary | WNS=7.310  | TNS=0.000  | WHS=-0.117 | THS=-0.733 |

Phase 2 Router Initialization | Checksum: 886f6bbf

Time (s): cpu = 00:00:17 ; elapsed = 00:00:16 . Memory (MB): peak = 1473.234 ; gain = 127.746

Router Utilization Summary
  Global Vertical Routing Utilization    = 0 %
  Global Horizontal Routing Utilization  = 0 %
  Routable Net Status*
  *Does not include unroutable nets such as driverless and loadless.
  Run report_route_status for detailed report.
  Number of Failed Nets               = 30
    (Failed Nets is the sum of unrouted and partially routed nets)
  Number of Unrouted Nets             = 30
  Number of Partially Routed Nets     = 0
  Number of Node Overlaps             = 0


Phase 3 Initial Routing
Phase 3 Initial Routing | Checksum: 1a4dd15b6

Time (s): cpu = 00:00:17 ; elapsed = 00:00:16 . Memory (MB): peak = 1474.809 ; gain = 129.320

Phase 4 Rip-up And Reroute

Phase 4.1 Global Iteration 0
 Number of Nodes with overlaps = 1
 Number of Nodes with overlaps = 0
INFO: [Route 35-416] Intermediate Timing Summary | WNS=7.256  | TNS=0.000  | WHS=N/A    | THS=N/A    |

Phase 4.1 Global Iteration 0 | Checksum: 1da9a449e

Time (s): cpu = 00:00:17 ; elapsed = 00:00:16 . Memory (MB): peak = 1474.816 ; gain = 129.328
Phase 4 Rip-up And Reroute | Checksum: 1da9a449e

Time (s): cpu = 00:00:17 ; elapsed = 00:00:16 . Memory (MB): peak = 1474.816 ; gain = 129.328

Phase 5 Delay and Skew Optimization

Phase 5.1 Delay CleanUp

Phase 5.1.1 Update Timing
Phase 5.1.1 Update Timing | Checksum: 1f962a66a

Time (s): cpu = 00:00:17 ; elapsed = 00:00:16 . Memory (MB): peak = 1474.816 ; gain = 129.328
INFO: [Route 35-416] Intermediate Timing Summary | WNS=7.349  | TNS=0.000  | WHS=N/A    | THS=N/A    |

Phase 5.1 Delay CleanUp | Checksum: 1f962a66a

Time (s): cpu = 00:00:17 ; elapsed = 00:00:16 . Memory (MB): peak = 1474.816 ; gain = 129.328

Phase 5.2 Clock Skew Optimization
Phase 5.2 Clock Skew Optimization | Checksum: 1f962a66a

Time (s): cpu = 00:00:17 ; elapsed = 00:00:16 . Memory (MB): peak = 1474.816 ; gain = 129.328
Phase 5 Delay and Skew Optimization | Checksum: 1f962a66a

Time (s): cpu = 00:00:17 ; elapsed = 00:00:16 . Memory (MB): peak = 1474.816 ; gain = 129.328

Phase 6 Post Hold Fix

Phase 6.1 Hold Fix Iter

Phase 6.1.1 Update Timing
Phase 6.1.1 Update Timing | Checksum: 1a30c5502

Time (s): cpu = 00:00:17 ; elapsed = 00:00:16 . Memory (MB): peak = 1474.816 ; gain = 129.328
INFO: [Route 35-416] Intermediate Timing Summary | WNS=7.349  | TNS=0.000  | WHS=0.180  | THS=0.000  |

Phase 6.1 Hold Fix Iter | Checksum: 2586b623b

Time (s): cpu = 00:00:17 ; elapsed = 00:00:16 . Memory (MB): peak = 1474.816 ; gain = 129.328
Phase 6 Post Hold Fix | Checksum: 2586b623b

Time (s): cpu = 00:00:17 ; elapsed = 00:00:16 . Memory (MB): peak = 1474.816 ; gain = 129.328

Phase 7 Route finalize

Router Utilization Summary
  Global Vertical Routing Utilization    = 0.0835526 %
  Global Horizontal Routing Utilization  = 0.017569 %
  Routable Net Status*
  *Does not include unroutable nets such as driverless and loadless.
  Run report_route_status for detailed report.
  Number of Failed Nets               = 0
    (Failed Nets is the sum of unrouted and partially routed nets)
  Number of Unrouted Nets             = 0
  Number of Partially Routed Nets     = 0
  Number of Node Overlaps             = 0

Phase 7 Route finalize | Checksum: 19a125bb2

Time (s): cpu = 00:00:17 ; elapsed = 00:00:16 . Memory (MB): peak = 1474.816 ; gain = 129.328

Phase 8 Verifying routed nets

 Verification completed successfully
Phase 8 Verifying routed nets | Checksum: 19a125bb2

Time (s): cpu = 00:00:17 ; elapsed = 00:00:16 . Memory (MB): peak = 1476.840 ; gain = 131.352

Phase 9 Depositing Routes
Phase 9 Depositing Routes | Checksum: 12143ee7a

Time (s): cpu = 00:00:17 ; elapsed = 00:00:16 . Memory (MB): peak = 1476.840 ; gain = 131.352

Phase 10 Post Router Timing
INFO: [Route 35-57] Estimated Timing Summary | WNS=7.349  | TNS=0.000  | WHS=0.180  | THS=0.000  |

INFO: [Route 35-327] The final timing numbers are based on the router estimated timing analysis. For a complete and accurate timing signoff, please run report_timing_summary.
Phase 10 Post Router Timing | Checksum: 12143ee7a

Time (s): cpu = 00:00:17 ; elapsed = 00:00:16 . Memory (MB): peak = 1476.840 ; gain = 131.352
INFO: [Route 35-16] Router Completed Successfully

Time (s): cpu = 00:00:17 ; elapsed = 00:00:16 . Memory (MB): peak = 1476.840 ; gain = 131.352

Routing Is Done.
INFO: [Common 17-83] Releasing license: Implementation
69 Infos, 0 Warnings, 0 Critical Warnings and 0 Errors encountered.
route_design completed successfully
route_design: Time (s): cpu = 00:00:18 ; elapsed = 00:00:16 . Memory (MB): peak = 1476.840 ; gain = 142.113
Netlist sorting complete. Time (s): cpu = 00:00:00 ; elapsed = 00:00:00 . Memory (MB): peak = 1476.840 ; gain = 0.000
INFO: [Timing 38-480] Writing timing data to binary archive.
Writing placer database...
Writing XDEF routing.
Writing XDEF routing logical nets.
Writing XDEF routing special nets.
Write XDEF Complete: Time (s): cpu = 00:00:00 ; elapsed = 00:00:00.032 . Memory (MB): peak = 1486.730 ; gain = 9.891
INFO: [Common 17-1381] The checkpoint 'C:/Users/jesus/Vivado_projects/VICON/project_1/project_1.runs/impl_2/TOP_FT245_Test_routed.dcp' has been generated.
INFO: [runtcl-4] Executing : report_drc -file TOP_FT245_Test_drc_routed.rpt -pb TOP_FT245_Test_drc_routed.pb -rpx TOP_FT245_Test_drc_routed.rpx
Command: report_drc -file TOP_FT245_Test_drc_routed.rpt -pb TOP_FT245_Test_drc_routed.pb -rpx TOP_FT245_Test_drc_routed.rpx
INFO: [IP_Flow 19-1839] IP Catalog is up to date.
INFO: [DRC 23-27] Running DRC with 2 threads
INFO: [Coretcl 2-168] The results of DRC are in file C:/Users/jesus/Vivado_projects/VICON/project_1/project_1.runs/impl_2/TOP_FT245_Test_drc_routed.rpt.
report_drc completed successfully
INFO: [runtcl-4] Executing : report_methodology -file TOP_FT245_Test_methodology_drc_routed.rpt -pb TOP_FT245_Test_methodology_drc_routed.pb -rpx TOP_FT245_Test_methodology_drc_routed.rpx
Command: report_methodology -file TOP_FT245_Test_methodology_drc_routed.rpt -pb TOP_FT245_Test_methodology_drc_routed.pb -rpx TOP_FT245_Test_methodology_drc_routed.rpx
INFO: [Timing 38-35] Done setting XDC timing constraints.
INFO: [DRC 23-133] Running Methodology with 2 threads
INFO: [Coretcl 2-1520] The results of Report Methodology are in file C:/Users/jesus/Vivado_projects/VICON/project_1/project_1.runs/impl_2/TOP_FT245_Test_methodology_drc_routed.rpt.
report_methodology completed successfully
INFO: [runtcl-4] Executing : report_power -file TOP_FT245_Test_power_routed.rpt -pb TOP_FT245_Test_power_summary_routed.pb -rpx TOP_FT245_Test_power_routed.rpx
Command: report_power -file TOP_FT245_Test_power_routed.rpt -pb TOP_FT245_Test_power_summary_routed.pb -rpx TOP_FT245_Test_power_routed.rpx
INFO: [Timing 38-35] Done setting XDC timing constraints.
Running Vector-less Activity Propagation...

Finished Running Vector-less Activity Propagation
81 Infos, 0 Warnings, 0 Critical Warnings and 0 Errors encountered.
report_power completed successfully
INFO: [runtcl-4] Executing : report_route_status -file TOP_FT245_Test_route_status.rpt -pb TOP_FT245_Test_route_status.pb
INFO: [runtcl-4] Executing : report_timing_summary -max_paths 10 -file TOP_FT245_Test_timing_summary_routed.rpt -pb TOP_FT245_Test_timing_summary_routed.pb -rpx TOP_FT245_Test_timing_summary_routed.rpx -warn_on_violation 
INFO: [Timing 38-91] UpdateTimingParams: Speed grade: -1, Delay Type: min_max.
INFO: [Timing 38-191] Multithreading enabled for timing update using a maximum of 2 CPUs
INFO: [runtcl-4] Executing : report_incremental_reuse -file TOP_FT245_Test_incremental_reuse_routed.rpt
INFO: [Vivado_Tcl 4-1062] Incremental flow is disabled. No incremental reuse Info to report.
INFO: [runtcl-4] Executing : report_clock_utilization -file TOP_FT245_Test_clock_utilization_routed.rpt
INFO: [runtcl-4] Executing : report_bus_skew -warn_on_violation -file TOP_FT245_Test_bus_skew_routed.rpt -pb TOP_FT245_Test_bus_skew_routed.pb -rpx TOP_FT245_Test_bus_skew_routed.rpx
INFO: [Timing 38-91] UpdateTimingParams: Speed grade: -1, Delay Type: min_max.
INFO: [Timing 38-191] Multithreading enabled for timing update using a maximum of 2 CPUs
Command: write_bitstream -force TOP_FT245_Test.bit
Attempting to get a license for feature 'Implementation' and/or device 'xc7a35t'
INFO: [Common 17-349] Got license for feature 'Implementation' and/or device 'xc7a35t'
Running DRC as a precondition to command write_bitstream
INFO: [IP_Flow 19-1839] IP Catalog is up to date.
INFO: [DRC 23-27] Running DRC with 2 threads
INFO: [Vivado 12-3199] DRC finished with 0 Errors
INFO: [Vivado 12-3200] Please refer to the DRC report (report_drc) for more information.
INFO: [Designutils 20-2272] Running write_bitstream with 2 threads.
Loading data files...
Loading site data...
Loading route data...
Processing options...
Creating bitmap...
Creating bitstream...
Writing bitstream ./TOP_FT245_Test.bit...
INFO: [Vivado 12-1842] Bitgen Completed Successfully.
INFO: [Project 1-120] WebTalk data collection is mandatory when using a WebPACK part without a full Vivado license. To see the specific WebTalk data collected for your design, open the usage_statistics_webtalk.html or usage_statistics_webtalk.xml file in the implementation directory.
INFO: [Common 17-83] Releasing license: Implementation
100 Infos, 0 Warnings, 0 Critical Warnings and 0 Errors encountered.
write_bitstream completed successfully
write_bitstream: Time (s): cpu = 00:00:09 ; elapsed = 00:00:10 . Memory (MB): peak = 1943.488 ; gain = 427.840
INFO: [Common 17-206] Exiting Vivado at Tue Jul 21 22:04:02 2026...
